/Users/mayankgupta/miniconda3/envs/imitation_learning/lib/python3.9/site-packages/gymnasium/envs/registration.py:513: DeprecationWarning: [33mWARN: The environment CartPole-v0 is out of date. You should consider upgrading to version `v1`.[0m
  logger.deprecation(
traj ground-truth return 34.0
traj ground-truth return 64.0
traj ground-truth return 39.0
traj ground-truth return 53.0
traj ground-truth return 20.0
traj ground-truth return 41.0
traj ground-truth return 18.0
traj ground-truth return 12.0
traj ground-truth return 47.0
traj ground-truth return 25.0
checkpointing
finished training
performance on training data
predicted return trajA 99.18421936035156
predicted return trajB 23.80762481689453
A should be better

predicted return trajA 119.31136322021484
predicted return trajB 99.18421936035156
A should be better

predicted return trajA 80.47016906738281
predicted return trajB 119.31136322021484
B should be better

predicted return trajA 63.618404388427734
predicted return trajB 80.47016906738281
B should be better

predicted return trajA 38.17573547363281
predicted return trajB 33.09070587158203
A should be better

predicted return trajA 99.18421936035156
predicted return trajB 63.618404388427734
A should be better

predicted return trajA 63.618404388427734
predicted return trajB 48.477413177490234
A should be better

predicted return trajA 38.17573547363281
predicted return trajB 99.18421936035156
B should be better

predicted return trajA 33.09070587158203
predicted return trajB 23.80762481689453
A should be better

predicted return trajA 90.03339385986328
predicted return trajB 63.618404388427734
A should be better

predicted return trajA 33.09070587158203
predicted return trajB 23.80762481689453
A should be better

predicted return trajA 99.18421936035156
predicted return trajB 119.31136322021484
B should be better

predicted return trajA 99.18421936035156
predicted return trajB 90.03339385986328
A should be better

predicted return trajA 63.618404388427734
predicted return trajB 119.31136322021484
B should be better

predicted return trajA 90.03339385986328
predicted return trajB 38.17573547363281
A should be better

predicted return trajA 75.057861328125
predicted return trajB 38.17573547363281
A should be better

predicted return trajA 33.09070587158203
predicted return trajB 75.057861328125
B should be better

predicted return trajA 119.31136322021484
predicted return trajB 38.17573547363281
A should be better

predicted return trajA 38.17573547363281
predicted return trajB 99.18421936035156
B should be better

predicted return trajA 63.618404388427734
predicted return trajB 75.057861328125
B should be better

